2026-07-22 18:28:20 | INFO | Starting ATS V4 pipeline.
2026-07-22 18:28:20 | INFO | Resume directory: C:\Users\Karani Keerthi Kumar\Downloads\project\Job_Scraper\resumes
2026-07-22 18:28:20 | INFO | Job directory: C:\Users\Karani Keerthi Kumar\Downloads\project\Job_Scraper\jobs
2026-07-22 18:28:20 | INFO | Output directory: C:\Users\Karani Keerthi Kumar\Downloads\project\Job_Scraper\output
2026-07-22 18:28:20 | INFO | Discovered 3 resume files.
2026-07-22 18:28:20 | INFO | Discovered 2 job files.
2026-07-22 18:28:21 | INFO | Parsing resume 1/3: Resume_Keerthi_Kumar_Azure_Databricks.pdf
2026-07-22 18:28:22 | INFO | Parsing resume 2/3: Resume_Keerthi_Kumar_Karani_Informatica_Abinitio.pdf
2026-07-22 18:28:23 | INFO | Parsing resume 3/3: Resume_Keerthi_Kumar_Snowflake.pdf
2026-07-22 18:28:24 | INFO | Created 3 resume profiles.
2026-07-22 18:28:24 | INFO | Parsing job file 1/2: Filtered_JDs_20260722_162924.docx
2026-07-22 18:28:26 | INFO | Parsing job file 2/2: Filtered_JDs_20260722_164540.docx
2026-07-22 18:28:32 | INFO | Created 2 job profiles.
2026-07-22 18:28:32 | INFO | Ranking resumes for job 1/2: Filtered_JDs_20260722_162924
2026-07-22 18:28:33 | INFO | Completed ranking for Filtered_JDs_20260722_162924 | Best Resume: Resume_Keerthi_Kumar_Azure_Databricks.pdf | Best Score: 0.00
2026-07-22 18:28:33 | INFO | Ranking resumes for job 2/2: Filtered_JDs_20260722_164540
2026-07-22 18:28:36 | INFO | Completed ranking for Filtered_JDs_20260722_164540 | Best Resume: Resume_Keerthi_Kumar_Azure_Databricks.pdf | Best Score: 0.00
2026-07-22 18:28:36 | INFO | Generating Excel report: C:\Users\Karani Keerthi Kumar\Downloads\project\Job_Scraper\output\ATS_Result_20260722_182820.xlsx
2026-07-22 18:28:36 | INFO | Excel report generated successfully: C:\Users\Karani Keerthi Kumar\Downloads\project\Job_Scraper\output\ATS_Result_20260722_182820.xlsx
2026-07-22 18:28:36 | INFO | ================================================================
2026-07-22 18:28:36 | INFO | ATS V4 EXECUTION SUMMARY
2026-07-22 18:28:36 | INFO | ================================================================
2026-07-22 18:28:36 | INFO | Resume files found       : 3
2026-07-22 18:28:36 | INFO | Resume profiles created  : 3
2026-07-22 18:28:36 | INFO | Resume failures          : 0
2026-07-22 18:28:36 | INFO | Job files found          : 2
2026-07-22 18:28:36 | INFO | Job profiles created     : 2
2026-07-22 18:28:36 | INFO | Job parsing failures     : 0
2026-07-22 18:28:36 | INFO | Jobs ranked              : 2
2026-07-22 18:28:36 | INFO | Comparisons completed    : 6
2026-07-22 18:28:36 | INFO | Ranking failures         : 0
2026-07-22 18:28:36 | INFO | Report generated         : True
2026-07-22 18:28:36 | INFO | Execution time           : 16.00 seconds
2026-07-22 18:28:36 | INFO | Output report           : C:\Users\Karani Keerthi Kumar\Downloads\project\Job_Scraper\output\ATS_Result_20260722_182820.xlsx
2026-07-22 18:28:36 | INFO | ================================================================
