2026-07-23 17:29:15 | INFO | Starting ATS Final pipeline.
2026-07-23 17:29:15 | INFO | Resume directory: C:\Users\Karani Keerthi Kumar\Downloads\project\Job_Scraper\resumes
2026-07-23 17:29:15 | INFO | Job directory: C:\Users\Karani Keerthi Kumar\Downloads\project\Job_Scraper\jobs
2026-07-23 17:29:15 | INFO | Output directory: C:\Users\Karani Keerthi Kumar\Downloads\project\Job_Scraper\output
2026-07-23 17:29:15 | INFO | Discovered 3 resume files.
2026-07-23 17:29:15 | INFO | Discovered 1 job files.
2026-07-23 17:29:16 | INFO | Parsing resume 1/3: Resume_Keerthi_Kumar_Azure_Databricks.pdf
2026-07-23 17:29:16 | INFO | Parsing resume 2/3: Resume_Keerthi_Kumar_Karani_Informatica_Abinitio.pdf
2026-07-23 17:29:17 | INFO | Parsing resume 3/3: Resume_Keerthi_Kumar_Snowflake.pdf
2026-07-23 17:29:18 | INFO | Created 3 resume profiles.
2026-07-23 17:29:18 | INFO | Parsing job file 1/1: Filtered_JDs_20260723_172810.docx
2026-07-23 17:29:22 | INFO | Created 40 job profiles.
2026-07-23 17:29:22 | INFO | Ranking resumes for job 1/40: data entry clerk.
2026-07-23 17:29:23 | INFO | Completed ranking for data entry clerk. | Best Resume: Resume_Keerthi_Kumar_Azure_Databricks.pdf | Best Score: 59.04
2026-07-23 17:29:23 | INFO | Ranking resumes for job 2/40: supply chain data analyst .
2026-07-23 17:29:24 | INFO | Completed ranking for supply chain data analyst . | Best Resume: Resume_Keerthi_Kumar_Karani_Informatica_Abinitio.pdf | Best Score: 51.28
2026-07-23 17:29:24 | INFO | Ranking resumes for job 3/40: data analyst - risk analysis.
2026-07-23 17:29:24 | INFO | Completed ranking for data analyst - risk analysis. | Best Resume: Resume_Keerthi_Kumar_Karani_Informatica_Abinitio.pdf | Best Score: 51.49
2026-07-23 17:29:24 | INFO | Ranking resumes for job 4/40: data analyst + data entry.
2026-07-23 17:29:25 | INFO | Completed ranking for data analyst + data entry. | Best Resume: Resume_Keerthi_Kumar_Azure_Databricks.pdf | Best Score: 28.54
2026-07-23 17:29:25 | INFO | Ranking resumes for job 5/40: information data architect.
2026-07-23 17:29:26 | INFO | Completed ranking for information data architect. | Best Resume: Resume_Keerthi_Kumar_Azure_Databricks.pdf | Best Score: 49.43
2026-07-23 17:29:26 | INFO | Ranking resumes for job 6/40: senior data scientist.
2026-07-23 17:29:26 | INFO | Completed ranking for senior data scientist. | Best Resume: Resume_Keerthi_Kumar_Azure_Databricks.pdf | Best Score: 43.06
2026-07-23 17:29:26 | INFO | Ranking resumes for job 7/40: supply chain master data management analyst.
2026-07-23 17:29:27 | INFO | Completed ranking for supply chain master data management analyst. | Best Resume: Resume_Keerthi_Kumar_Azure_Databricks.pdf | Best Score: 0.00
2026-07-23 17:29:27 | INFO | Ranking resumes for job 8/40: sr data analyst.
2026-07-23 17:29:27 | INFO | Completed ranking for sr data analyst. | Best Resume: Resume_Keerthi_Kumar_Snowflake.pdf | Best Score: 45.16
2026-07-23 17:29:27 | INFO | Ranking resumes for job 9/40: data engineer.
2026-07-23 17:29:28 | INFO | Completed ranking for data engineer. | Best Resume: Resume_Keerthi_Kumar_Snowflake.pdf | Best Score: 58.47
2026-07-23 17:29:28 | INFO | Ranking resumes for job 10/40: big data engineer.
2026-07-23 17:29:29 | INFO | Completed ranking for big data engineer. | Best Resume: Resume_Keerthi_Kumar_Snowflake.pdf | Best Score: 56.07
2026-07-23 17:29:29 | INFO | Ranking resumes for job 11/40: data engineering technical lead.
2026-07-23 17:29:30 | INFO | Completed ranking for data engineering technical lead. | Best Resume: Resume_Keerthi_Kumar_Azure_Databricks.pdf | Best Score: 50.05
2026-07-23 17:29:30 | INFO | Ranking resumes for job 12/40: data analyst.
2026-07-23 17:29:31 | INFO | Completed ranking for data analyst. | Best Resume: Resume_Keerthi_Kumar_Snowflake.pdf | Best Score: 51.51
2026-07-23 17:29:31 | INFO | Ranking resumes for job 13/40: aws data architect lead.
2026-07-23 17:29:31 | INFO | Completed ranking for aws data architect lead. | Best Resume: Resume_Keerthi_Kumar_Snowflake.pdf | Best Score: 45.97
2026-07-23 17:29:31 | INFO | Ranking resumes for job 14/40: data engineer.
2026-07-23 17:29:32 | INFO | Completed ranking for data engineer. | Best Resume: Resume_Keerthi_Kumar_Azure_Databricks.pdf | Best Score: 81.66
2026-07-23 17:29:32 | INFO | Ranking resumes for job 15/40: data engineer.
2026-07-23 17:29:33 | INFO | Completed ranking for data engineer. | Best Resume: Resume_Keerthi_Kumar_Azure_Databricks.pdf | Best Score: 81.66
2026-07-23 17:29:33 | INFO | Ranking resumes for job 16/40: databricks data engineer.
2026-07-23 17:29:34 | INFO | Completed ranking for databricks data engineer. | Best Resume: Resume_Keerthi_Kumar_Azure_Databricks.pdf | Best Score: 63.70
2026-07-23 17:29:34 | INFO | Ranking resumes for job 17/40: business intelligence data modeler.
2026-07-23 17:29:34 | INFO | Completed ranking for business intelligence data modeler. | Best Resume: Resume_Keerthi_Kumar_Karani_Informatica_Abinitio.pdf | Best Score: 45.96
2026-07-23 17:29:34 | INFO | Ranking resumes for job 18/40: sap businessobjects data services (sap bods) specialist.
2026-07-23 17:29:35 | INFO | Completed ranking for sap businessobjects data services (sap bods) specialist. | Best Resume: Resume_Keerthi_Kumar_Karani_Informatica_Abinitio.pdf | Best Score: 67.01
2026-07-23 17:29:35 | INFO | Ranking resumes for job 19/40: big data engineer.
2026-07-23 17:29:36 | INFO | Completed ranking for big data engineer. | Best Resume: Resume_Keerthi_Kumar_Snowflake.pdf | Best Score: 46.09
2026-07-23 17:29:36 | INFO | Ranking resumes for job 20/40: sr. data engineer.
2026-07-23 17:29:36 | INFO | Completed ranking for sr. data engineer. | Best Resume: Resume_Keerthi_Kumar_Snowflake.pdf | Best Score: 55.27
2026-07-23 17:29:36 | INFO | Ranking resumes for job 21/40: active directory business analyst.
2026-07-23 17:29:37 | INFO | Completed ranking for active directory business analyst. | Best Resume: Resume_Keerthi_Kumar_Azure_Databricks.pdf | Best Score: 53.19
2026-07-23 17:29:37 | INFO | Ranking resumes for job 22/40: 2035 data jobs found
2026-07-23 17:29:38 | INFO | Completed ranking for 2035 data jobs found | Best Resume: Resume_Keerthi_Kumar_Snowflake.pdf | Best Score: 44.56
2026-07-23 17:29:38 | INFO | Ranking resumes for job 23/40: 2035 data jobs found
2026-07-23 17:29:39 | INFO | Completed ranking for 2035 data jobs found | Best Resume: Resume_Keerthi_Kumar_Snowflake.pdf | Best Score: 44.55
2026-07-23 17:29:39 | INFO | Ranking resumes for job 24/40: 2 data jobs found
2026-07-23 17:29:40 | INFO | Completed ranking for 2 data jobs found | Best Resume: Resume_Keerthi_Kumar_Azure_Databricks.pdf | Best Score: 32.12
2026-07-23 17:29:40 | INFO | Ranking resumes for job 25/40: 4 data jobs found
2026-07-23 17:29:40 | INFO | Completed ranking for 4 data jobs found | Best Resume: Resume_Keerthi_Kumar_Azure_Databricks.pdf | Best Score: 38.19
2026-07-23 17:29:40 | INFO | Ranking resumes for job 26/40: 259 data jobs found
2026-07-23 17:29:41 | INFO | Completed ranking for 259 data jobs found | Best Resume: Resume_Keerthi_Kumar_Azure_Databricks.pdf | Best Score: 41.72
2026-07-23 17:29:41 | INFO | Ranking resumes for job 27/40: 538 data jobs found
2026-07-23 17:29:42 | INFO | Completed ranking for 538 data jobs found | Best Resume: Resume_Keerthi_Kumar_Snowflake.pdf | Best Score: 41.94
2026-07-23 17:29:42 | INFO | Ranking resumes for job 28/40: 5 data jobs found
2026-07-23 17:29:42 | INFO | Completed ranking for 5 data jobs found | Best Resume: Resume_Keerthi_Kumar_Snowflake.pdf | Best Score: 26.41
2026-07-23 17:29:42 | INFO | Ranking resumes for job 29/40: 1 data job found
2026-07-23 17:29:43 | INFO | Completed ranking for 1 data job found | Best Resume: Resume_Keerthi_Kumar_Azure_Databricks.pdf | Best Score: 38.17
2026-07-23 17:29:43 | INFO | Ranking resumes for job 30/40: 25 data jobs found
2026-07-23 17:29:44 | INFO | Completed ranking for 25 data jobs found | Best Resume: Resume_Keerthi_Kumar_Snowflake.pdf | Best Score: 29.81
2026-07-23 17:29:44 | INFO | Ranking resumes for job 31/40: 14 data jobs found
2026-07-23 17:29:44 | INFO | Completed ranking for 14 data jobs found | Best Resume: Resume_Keerthi_Kumar_Azure_Databricks.pdf | Best Score: 37.19
2026-07-23 17:29:44 | INFO | Ranking resumes for job 32/40: 120 data jobs found
2026-07-23 17:29:45 | INFO | Completed ranking for 120 data jobs found | Best Resume: Resume_Keerthi_Kumar_Azure_Databricks.pdf | Best Score: 22.25
2026-07-23 17:29:45 | INFO | Ranking resumes for job 33/40: 26 data jobs found
2026-07-23 17:29:45 | INFO | Completed ranking for 26 data jobs found | Best Resume: Resume_Keerthi_Kumar_Karani_Informatica_Abinitio.pdf | Best Score: 49.71
2026-07-23 17:29:45 | INFO | Ranking resumes for job 34/40: 83 data jobs found
2026-07-23 17:29:46 | INFO | Completed ranking for 83 data jobs found | Best Resume: Resume_Keerthi_Kumar_Karani_Informatica_Abinitio.pdf | Best Score: 33.89
2026-07-23 17:29:46 | INFO | Ranking resumes for job 35/40: 381 data jobs found
2026-07-23 17:29:46 | INFO | Completed ranking for 381 data jobs found | Best Resume: Resume_Keerthi_Kumar_Karani_Informatica_Abinitio.pdf | Best Score: 28.77
2026-07-23 17:29:46 | INFO | Ranking resumes for job 36/40: 39 data jobs found
2026-07-23 17:29:47 | INFO | Completed ranking for 39 data jobs found | Best Resume: Resume_Keerthi_Kumar_Snowflake.pdf | Best Score: 26.39
2026-07-23 17:29:47 | INFO | Ranking resumes for job 37/40: 66 data jobs found
2026-07-23 17:29:48 | INFO | Completed ranking for 66 data jobs found | Best Resume: Resume_Keerthi_Kumar_Azure_Databricks.pdf | Best Score: 40.70
2026-07-23 17:29:48 | INFO | Ranking resumes for job 38/40: 477 data jobs found
2026-07-23 17:29:49 | INFO | Completed ranking for 477 data jobs found | Best Resume: Resume_Keerthi_Kumar_Azure_Databricks.pdf | Best Score: 59.04
2026-07-23 17:29:49 | INFO | Ranking resumes for job 39/40: 629 data jobs found
2026-07-23 17:29:49 | INFO | Completed ranking for 629 data jobs found | Best Resume: Resume_Keerthi_Kumar_Snowflake.pdf | Best Score: 43.70
2026-07-23 17:29:49 | INFO | Ranking resumes for job 40/40: 499 data jobs found
2026-07-23 17:29:50 | INFO | Completed ranking for 499 data jobs found | Best Resume: Resume_Keerthi_Kumar_Azure_Databricks.pdf | Best Score: 29.13
2026-07-23 17:29:50 | INFO | Generating Excel report: C:\Users\Karani Keerthi Kumar\Downloads\project\Job_Scraper\output\ATS_Result_20260723_172915.xlsx
2026-07-23 17:29:51 | INFO | Excel report generated successfully: C:\Users\Karani Keerthi Kumar\Downloads\project\Job_Scraper\output\ATS_Result_20260723_172915.xlsx
2026-07-23 17:29:51 | INFO | ================================================================
2026-07-23 17:29:51 | INFO | ATS FINAL EXECUTION SUMMARY
2026-07-23 17:29:51 | INFO | ================================================================
2026-07-23 17:29:51 | INFO | Resume files found       : 3
2026-07-23 17:29:51 | INFO | Resume profiles created  : 3
2026-07-23 17:29:51 | INFO | Resume failures          : 0
2026-07-23 17:29:51 | INFO | Job files found          : 1
2026-07-23 17:29:51 | INFO | Job profiles created     : 40
2026-07-23 17:29:51 | INFO | Job parsing failures     : 0
2026-07-23 17:29:51 | INFO | Jobs ranked              : 40
2026-07-23 17:29:51 | INFO | Comparisons completed    : 120
2026-07-23 17:29:51 | INFO | Ranking failures         : 0
2026-07-23 17:29:51 | INFO | Report generated         : True
2026-07-23 17:29:51 | INFO | Execution time           : 36.71 seconds
2026-07-23 17:29:51 | INFO | Output report           : C:\Users\Karani Keerthi Kumar\Downloads\project\Job_Scraper\output\ATS_Result_20260723_172915.xlsx
2026-07-23 17:29:51 | INFO | ================================================================
