2026-07-23 17:15:51 | INFO | Starting ATS Final pipeline.
2026-07-23 17:15:51 | INFO | Resume directory: C:\Users\Karani Keerthi Kumar\Downloads\project\Job_Scraper\resumes
2026-07-23 17:15:51 | INFO | Job directory: C:\Users\Karani Keerthi Kumar\Downloads\project\Job_Scraper\jobs
2026-07-23 17:15:51 | INFO | Output directory: C:\Users\Karani Keerthi Kumar\Downloads\project\Job_Scraper\output
2026-07-23 17:15:51 | INFO | Discovered 3 resume files.
2026-07-23 17:15:51 | INFO | Discovered 1 job files.
2026-07-23 17:15:53 | INFO | Parsing resume 1/3: Resume_Keerthi_Kumar_Azure_Databricks.pdf
2026-07-23 17:15:53 | INFO | Parsing resume 2/3: Resume_Keerthi_Kumar_Karani_Informatica_Abinitio.pdf
2026-07-23 17:15:54 | INFO | Parsing resume 3/3: Resume_Keerthi_Kumar_Snowflake.pdf
2026-07-23 17:15:55 | INFO | Created 3 resume profiles.
2026-07-23 17:15:55 | INFO | Parsing job file 1/1: Filtered_JDs_20260723_171448.docx
2026-07-23 17:15:55 | INFO | Created 1 job profiles.
2026-07-23 17:15:55 | INFO | Ranking resumes for job 1/1: active directory business analyst.
2026-07-23 17:15:56 | INFO | Completed ranking for active directory business analyst. | Best Resume: Resume_Keerthi_Kumar_Azure_Databricks.pdf | Best Score: 53.19
2026-07-23 17:15:56 | INFO | Generating Excel report: C:\Users\Karani Keerthi Kumar\Downloads\project\Job_Scraper\output\ATS_Result_20260723_171551.xlsx
2026-07-23 17:15:56 | INFO | Excel report generated successfully: C:\Users\Karani Keerthi Kumar\Downloads\project\Job_Scraper\output\ATS_Result_20260723_171551.xlsx
2026-07-23 17:15:56 | INFO | ================================================================
2026-07-23 17:15:56 | INFO | ATS FINAL EXECUTION SUMMARY
2026-07-23 17:15:56 | INFO | ================================================================
2026-07-23 17:15:56 | INFO | Resume files found       : 3
2026-07-23 17:15:56 | INFO | Resume profiles created  : 3
2026-07-23 17:15:56 | INFO | Resume failures          : 0
2026-07-23 17:15:56 | INFO | Job files found          : 1
2026-07-23 17:15:56 | INFO | Job profiles created     : 1
2026-07-23 17:15:56 | INFO | Job parsing failures     : 0
2026-07-23 17:15:56 | INFO | Jobs ranked              : 1
2026-07-23 17:15:56 | INFO | Comparisons completed    : 3
2026-07-23 17:15:56 | INFO | Ranking failures         : 0
2026-07-23 17:15:56 | INFO | Report generated         : True
2026-07-23 17:15:56 | INFO | Execution time           : 5.14 seconds
2026-07-23 17:15:56 | INFO | Output report           : C:\Users\Karani Keerthi Kumar\Downloads\project\Job_Scraper\output\ATS_Result_20260723_171551.xlsx
2026-07-23 17:15:56 | INFO | ================================================================
