======================================================================
RANDSTAD SCRAPER STARTED
======================================================================
Search URL : https://www.randstadusa.com/jobs/q-data/
Output Folder : C:\Users\Karani Keerthi Kumar\Downloads\project\Job_Scraper\outputs\Randstad_20260721_103418

Launching browser...
Search Keyword : randstad

Collecting job links...

Scanning Page 1
Found 85 links
Unique links: 85

Scanning Page 2
Found 85 links
Unique links: 85
No new links detected.
Collected 85 unique links.

Extracting job descriptions...

Extracting 85 jobs...
[1/85]
Failed
[2/85]
service line principal (data and insights).
[3/85]
data entry clerk.
[4/85]
supply chain data analyst .
[5/85]
data analyst - risk analysis.
[6/85]
data entry 1.
[7/85]
document processor/data entry (in person).
[8/85]
data analyst + data entry.
[9/85]
erp data input administrative support specialist.
[10/85]
information data architect.
[11/85]
senior data quality engineer.
[12/85]
lead data scientist.
[13/85]
technical data product analyst - hybrid nyc.
[14/85]
data scientist.
[15/85]
Failed
[16/85]
supply chain master data management analyst.
[17/85]
sr data analyst.
[18/85]
data analyst.
[19/85]
data engineer.
[20/85]
big data engineer.
[21/85]
team lead - clinical data & record retrieval- remote.
[22/85]
data engineering technical lead.
[23/85]
data analyst.
[24/85]
aws data architect lead.
[25/85]
data analyst.
[26/85]
lead ai engineer - agentic test automation.
[27/85]
Failed
[28/85]
data engineer.
[29/85]
data engineer.
[30/85]
databricks data engineer.
[31/85]
payroll analytics analyst.
[32/85]
Failed
[33/85]
Failed
[34/85]
Failed
[35/85]
2005 data jobs found
[36/85]
2005 data jobs found
[37/85]
3 data jobs found
[38/85]
3 data jobs found
[39/85]
246 data jobs found
[40/85]
1 data job found
[41/85]
546 data jobs found
[42/85]
8 data jobs found
[43/85]
1 data job found
[44/85]
5 data jobs found
[45/85]
1 data job found
[46/85]
23 data jobs found
[47/85]
82 data jobs found
[48/85]
13 data jobs found
[49/85]
118 data jobs found
[50/85]
26 data jobs found
[51/85]
1 data job found
[52/85]
77 data jobs found
[53/85]
369 data jobs found
[54/85]
1 data job found
[55/85]
369 data jobs found
[56/85]
3 data jobs found
[57/85]
50 data jobs found
[58/85]
63 data jobs found
[59/85]
482 data jobs found
[60/85]
597 data jobs found
[61/85]
402 data jobs found
[62/85]
493 data jobs found
[63/85]
Failed
[64/85]
Failed
[65/85]
Failed
[66/85]
Failed
[67/85]
Failed
[68/85]
Failed
[69/85]
Failed
[70/85]
Failed
[71/85]
Failed
[72/85]
Failed
[73/85]
Failed
[74/85]
Failed
[75/85]
Failed
[76/85]
Failed
[77/85]
Failed
[78/85]
Failed
[79/85]
Failed
[80/85]
Failed
[81/85]
Failed
[82/85]
Failed
[83/85]
Failed
[84/85]
Failed
[85/85]
Failed

Saving output files...

============================================================
RANDSTAD SUMMARY
============================================================
Links : 56
Jobs  : 56
Failed: 29
============================================================

Randstad scraping completed successfully.
======================================================================
RANDSTAD SCRAPER FINISHED
======================================================================
